Hello, 
Welcome to Vim.
How are you this fine day?
How are you this fine day?
How are you this fine day?

The The The lab is about vim.
II hope the lab is educational.
Its should also be fun!
 
